// Vitest Snapshot v1, https://vitest.dev/guide/snapshot.html

exports[`StoryPointsCard > renders correctly 1`] = `
<div>
  <storypoints-card>
    7
  </storypoints-card>
</div>
`;
