// Vitest Snapshot v1, https://vitest.dev/guide/snapshot.html

exports[`Button > renders correctly 1`] = `
<div>
  <my-button>
    Click Me
  </my-button>
</div>
`;

exports[`MyButton > renders correctly 1`] = `
<div>
  <my-button>
    Click Me
  </my-button>
</div>
`;
